// Vitest Snapshot v1, https://vitest.dev/guide/snapshot.html

exports[`TheFooter.vue tests > matches the snapshot 1`] = `
"<footer data-v-db5876b4=\\"\\">
  <div data-v-db5876b4=\\"\\" class=\\"container\\">
    <p data-v-db5876b4=\\"\\"> Â© 2023 maxim. </p>
  </div>
</footer>"
`;
